// Vitest Snapshot v1, https://vitest.dev/guide/snapshot.html

exports[`React query provider > should render 1`] = `
<div>
  <div>
    Test
  </div>
</div>
`;
